  Determining projects to restore...
  All projects are up-to-date for restore.
  Brinell.Generator -> E:\repos\MainConstruction\Brinell\tools\Brinell.Generator\bin\Debug\net10.0\Brinell.Generator.dll
  Brinell.Generator.Tests -> E:\repos\MainConstruction\Brinell\testsnew\Brinell.Generator.Tests\bin\Debug\net10.0\Brinell.Generator.Tests.dll
Test run for E:\repos\MainConstruction\Brinell\testsnew\Brinell.Generator.Tests\bin\Debug\net10.0\Brinell.Generator.Tests.dll (.NETCoreApp,Version=v10.0)
A total of 1 test files matched the specified pattern.
[xUnit.net 00:00:00.75]     Brinell.Generator.Tests.Integration.IntegrationTests.GeneratesCorrectOutput_ForMultiMethodClass [FAIL]
[xUnit.net 00:00:00.75]     Brinell.Generator.Tests.MethodWrapperGeneratorTests.GeneratesPartialClass [FAIL]
  Failed Brinell.Generator.Tests.Integration.IntegrationTests.GeneratesCorrectOutput_ForMultiMethodClass [594 ms]
  Error Message:
   Assert.Equal() Failure: Strings differ
                                   Γåô (pos 221)
Expected: ┬╖┬╖┬╖"ry>\npublic abstract partial class MultiCl"┬╖┬╖┬╖
Actual:   ┬╖┬╖┬╖"ry>\npublic abstract MultiClickable<TScope"┬╖┬╖┬╖
                                   Γåæ (pos 221)
  Stack Trace:
     at Brinell.Generator.Tests.Integration.IntegrationTests.GeneratesCorrectOutput_ForMultiMethodClass() in E:\repos\MainConstruction\Brinell\testsnew\Brinell.Generator.Tests\Integration\IntegrationTests.cs:line 51
   at System.Reflection.MethodBaseInvoker.InterpretedInvoke_Method(Object obj, IntPtr* args)
   at System.Reflection.MethodBaseInvoker.InvokeWithNoArgs(Object obj, BindingFlags invokeAttr)
  Failed Brinell.Generator.Tests.MethodWrapperGeneratorTests.GeneratesPartialClass [2 ms]
  Error Message:
   Assert.Contains() Failure: Sub-string not found
String:    "// <auto-generated />\n// This file was ge"┬╖┬╖┬╖
Not found: "partial class"
  Stack Trace:
     at Brinell.Generator.Tests.MethodWrapperGeneratorTests.GeneratesPartialClass() in E:\repos\MainConstruction\Brinell\testsnew\Brinell.Generator.Tests\MethodWrapperGeneratorTests.cs:line 70
   at System.Reflection.MethodBaseInvoker.InterpretedInvoke_Method(Object obj, IntPtr* args)
   at System.Reflection.MethodBaseInvoker.InvokeWithNoArgs(Object obj, BindingFlags invokeAttr)
[xUnit.net 00:00:00.75]     Brinell.Generator.Tests.Integration.IntegrationTests.GeneratesCorrectOutput_ForSimpleClickableClass [FAIL]
  Failed Brinell.Generator.Tests.Integration.IntegrationTests.GeneratesCorrectOutput_ForSimpleClickableClass [2 ms]
  Error Message:
   Assert.Equal() Failure: Strings differ
                                   Γåô (pos 232)
Expected: ┬╖┬╖┬╖"ry>\npublic abstract partial class SimpleC"┬╖┬╖┬╖
Actual:   ┬╖┬╖┬╖"ry>\npublic abstract SimpleClickable<TScop"┬╖┬╖┬╖
                                   Γåæ (pos 232)
  Stack Trace:
     at Brinell.Generator.Tests.Integration.IntegrationTests.GeneratesCorrectOutput_ForSimpleClickableClass() in E:\repos\MainConstruction\Brinell\testsnew\Brinell.Generator.Tests\Integration\IntegrationTests.cs:line 28
   at System.Reflection.MethodBaseInvoker.InterpretedInvoke_Method(Object obj, IntPtr* args)
   at System.Reflection.MethodBaseInvoker.InvokeWithNoArgs(Object obj, BindingFlags invokeAttr)

Failed!  - Failed:     3, Passed:    41, Skipped:     0, Total:    44, Duration: 613 ms - Brinell.Generator.Tests.dll (net10.0)
